Microchip MPLAB XC8 Compiler V2.31

Linker command line:

-W-3 --edf=C:\Program Files\Microchip\xc8\v2.31\pic\dat\en_msgs.txt -cn \
  -h+dist/default/production\Digital2_Mini2.X.production.sym \
  --cmf=dist/default/production\Digital2_Mini2.X.production.cmf -z -Q16F887 \
  -oC:\Users\santi\AppData\Local\Temp\snd0.2 --defsym=__MPLAB_BUILD=1 \
  -Mdist/default/production/Digital2_Mini2.X.production.map -E1 \
  -ver=XC8 Compiler --acfsm=1493 -ASTACK=0110h-016Fh -pstack=STACK \
  -ACODE=00h-07FFhx4 -ASTRCODE=00h-01FFFh -ASTRING=00h-0FFhx32 \
  -ACONST=00h-0FFhx32 -AENTRY=00h-0FFhx32 -ACOMMON=070h-07Fh \
  -ABANK0=020h-06Fh -ABANK1=0A0h-0EFh -ABANK2=0110h-016Fh \
  -ABANK3=0190h-01EFh -ARAM=020h-06Fh,0A0h-0EFh,0110h-016Fh,0190h-01EFh \
  -AABS1=020h-07Fh,0A0h-0EFh,0110h-016Fh,0190h-01EFh -ASFR0=00h-01Fh \
  -ASFR1=080h-09Fh -ASFR2=0100h-010Fh -ASFR3=0180h-018Fh \
  -ACONFIG=02007h-02008h -DCONFIG=2 -AIDLOC=02000h-02003h -DIDLOC=2 \
  -AEEDATA=00h-0FFh/02100h -peeprom_data=EEDATA -DEEDATA=2 -DCODE=2 \
  -DSTRCODE=2 -DSTRING=2 -DCONST=2 -DENTRY=2 \
  -preset_vec=00h,intentry,init,end_init -ppowerup=CODE -pcinit=CODE \
  -pfunctab=ENTRY -k C:\Users\santi\AppData\Local\Temp\snd0.o \
  dist/default/production\Digital2_Mini2.X.production.o 

Object code version is 3.11

Machine type is 16F887



                Name                               Link     Load   Length Selector   Space Scale
C:\Users\santi\AppData\Local\Temp\snd0.o
                end_init                              0        0        3        0       0
                config                             2007     2007        2        0       4
dist/default/production\Digital2_Mini2.X.production.o
                cinit                               7F1      7F1        F      FE2       0
                config                             2007     2007        2        0       4
                text17                              563      563        C      AC6       0
                text16                              56F      56F        D      ADE       0
                text15                              60A      60A       2E      C14       0
                text14                              534      534        9      A68       0
                text13                              53D      53D        9      A7A       0
                text12                              546      546        9      A8C       0
                text11                              54F      54F        A      A9E       0
                text10                              70C      70C       6E      E18       0
                text9                               559      559        A      AB2       0
                text8                               598      598       1F      B30       0
                text7                               52F      52F        5      A5E       0
                text6                               57C      57C       1C      AF8       0
                text5                               6A6      6A6       66      D4C       0
                text4                               66E      66E       38      CDC       0
                text3                               5B7      5B7       26      B6E       0
                text2                               638      638       36      C70       0
                text1                               5DD      5DD       2D      BBA       0
                maintext                            77A      77A       77      EF4       0
                cstackBANK0                          29       29        8       20       1
                cstackCOMMON                         70       70        E       70       1
                bssBANK0                             20       20        9       20       1
                strings                               3        3        F        6       0

TOTAL           Name                               Link     Load   Length     Space
        CLASS   STACK          

        CLASS   CODE           
                end_init                              0        0        3         0
                cinit                               7F1      7F1        F         0
                text17                              563      563        C         0
                text16                              56F      56F        D         0
                text15                              60A      60A       2E         0
                text14                              534      534        9         0
                text13                              53D      53D        9         0
                text12                              546      546        9         0
                text11                              54F      54F        A         0
                text10                              70C      70C       6E         0
                text9                               559      559        A         0
                text8                               598      598       1F         0
                text7                               52F      52F        5         0
                text6                               57C      57C       1C         0
                text5                               6A6      6A6       66         0
                text4                               66E      66E       38         0
                text3                               5B7      5B7       26         0
                text2                               638      638       36         0
                text1                               5DD      5DD       2D         0
                maintext                            77A      77A       77         0

        CLASS   STRCODE        

        CLASS   STRING         
                strings                               3        3        F         0

        CLASS   CONST          

        CLASS   ENTRY          

        CLASS   COMMON         
                cstackCOMMON                         70       70        E         1

        CLASS   BANK0          
                cstackBANK0                          29       29        8         1
                bssBANK0                             20       20        9         1

        CLASS   BANK1          

        CLASS   BANK2          

        CLASS   BANK3          

        CLASS   RAM            

        CLASS   ABS1           
                abs_s1                               7E       7E        2         1

        CLASS   SFR0           

        CLASS   SFR1           

        CLASS   SFR2           

        CLASS   SFR3           

        CLASS   CONFIG         
                config                             2007     2007        2         4

        CLASS   IDLOC          

        CLASS   EEDATA         



SEGMENTS        Name                           Load    Length   Top    Selector   Space  Class     Delta

                reset_vec                      000000  000003  000003         0       0  CODE        2
                strings                        000003  00000F  000012         6       0  STRING      2
                bssBANK0                       000020  000011  000031        20       1  BANK0       1
                cstackCOMMON                   000070  00000E  00007E        70       1  COMMON      1
                text7                          00052F  000005  000534       A5E       0  CODE        2
                text14                         000534  000009  00053D       A68       0  CODE        2
                text13                         00053D  000009  000546       A7A       0  CODE        2
                text12                         000546  000009  00054F       A8C       0  CODE        2
                text11                         00054F  00000A  000559       A9E       0  CODE        2
                text9                          000559  00000A  000563       AB2       0  CODE        2
                text17                         000563  00000C  00056F       AC6       0  CODE        2
                text16                         00056F  00000D  00057C       ADE       0  CODE        2
                text6                          00057C  00001C  000598       AF8       0  CODE        2
                text8                          000598  00001F  0005B7       B30       0  CODE        2
                text3                          0005B7  000026  0005DD       B6E       0  CODE        2
                text1                          0005DD  00002D  00060A       BBA       0  CODE        2
                text15                         00060A  00002E  000638       C14       0  CODE        2
                text2                          000638  000036  00066E       C70       0  CODE        2
                text4                          00066E  000038  0006A6       CDC       0  CODE        2
                text5                          0006A6  000066  00070C       D4C       0  CODE        2
                text10                         00070C  00006E  00077A       E18       0  CODE        2
                maintext                       00077A  000077  0007F1       EF4       0  CODE        2
                cinit                          0007F1  00000F  000800       FE2       0  CODE        2


UNUSED ADDRESS RANGES

        Name                Unused          Largest block    Delta
        BANK0            0031-006F             3F           1
        BANK1            00A0-00EF             50           1
        BANK2            0110-016F             60           1
        BANK3            0190-01EF             60           1
        CODE             0012-052E            51D           2
                         0800-1FFF            800
        CONST            0012-052E            100           2
                         0800-1FFF            100
        EEDATA           2100-21FF            100           2
        ENTRY            0012-052E            100           2
                         0800-1FFF            100
        IDLOC            2000-2003              4           2
        RAM              0031-006F             3F           1
                         00A0-00EF             50
                         0110-016F             60
                         0190-01EF             60
        SFR0             0000-001F             20           1
        SFR1             0080-009F             20           1
        SFR2             0100-010F             10           1
        SFR3             0180-018F             10           1
        STACK            0110-016F             60           1
        STRCODE          0012-052E            51D           2
                         0800-1FFF           1800
        STRING           0012-052E            100           2
                         0800-1FFF            100

                                  Symbol Table

?_I2C_Master_Read                  cstackCOMMON 0070
?___lldiv                          cstackCOMMON 0070
Decena@valor                       cstackCOMMON 0071
I2C_Master_Init@c                  cstackBANK0  0029
I2C_Master_Read@a                  cstackCOMMON 0070
I2C_Master_Read@temp               cstackCOMMON 0074
I2C_Master_Write@d                 cstackCOMMON 0070
SendChar@X                         cstackCOMMON 0070
SendString@X                       cstackCOMMON 0072
Unidad@valor                       cstackCOMMON 0070
_ANSEL                             (abs)        0188
_ANSELH                            (abs)        0189
_BAUDCTLbits                       (abs)        0187
_Decena                            text17       0563
_EUSART_conf                       text6        057C
_GIE                               (abs)        005F
_Get_time                          text10       070C
_I2C_Master_Init                   text4        066E
_I2C_Master_Read                   text15       060A
_I2C_Master_RepeatedStart          text14       0534
_I2C_Master_Start                  text13       053D
_I2C_Master_Stop                   text12       0546
_I2C_Master_Wait                   text16       056F
_I2C_Master_Write                  text11       054F
_PEIE                              (abs)        005E
_PIE1bits                          (abs)        008C
_PIR1bits                          (abs)        000C
_PORTA                             (abs)        0005
_PORTB                             (abs)        0006
_PORTD                             (abs)        0008
_RCREG                             (abs)        001A
_RCSTAbits                         (abs)        0018
_RTC_conf                          text3        05B7
_SPBRG                             (abs)        0099
_SPBRGH                            (abs)        009A
_SSPADD                            (abs)        0093
_SSPBUF                            (abs)        0013
_SSPCON                            (abs)        0014
_SSPCON2                           (abs)        0091
_SSPCON2bits                       (abs)        0091
_SSPIE                             (abs)        0463
_SSPIF                             (abs)        0063
_SSPSTAT                           (abs)        0094
_SendChar                          text9        0559
_SendString                        text8        0598
_SetClock                          text2        0638
_TRISA                             (abs)        0085
_TRISB                             (abs)        0086
_TRISC3                            (abs)        043B
_TRISC4                            (abs)        043C
_TRISCbits                         (abs)        0087
_TRISD                             (abs)        0088
_TXIF                              (abs)        0064
_TXREG                             (abs)        0019
_TXSTAbits                         (abs)        0098
_Unidad                            text7        052F
__Habs1                            abs1         0000
__Hbank0                           bank0        0000
__Hbank1                           bank1        0000
__Hbank2                           bank2        0000
__Hbank3                           bank3        0000
__HbssBANK0                        bssBANK0     0000
__Hcinit                           cinit        0800
__Hclrtext                         clrtext      0000
__Hcode                            code         0000
__Hcommon                          common       0000
__Hconfig                          config       2009
__HcstackBANK0                     cstackBANK0  0000
__HcstackCOMMON                    cstackCOMMON 0000
__Heeprom_data                     eeprom_data  0000
__Hend_init                        end_init     0003
__Hfunctab                         functab      0000
__Hinit                            init         0000
__Hintentry                        intentry     0000
__Hmaintext                        maintext     0000
__Hpowerup                         powerup      0000
__Hram                             ram          0000
__Hreset_vec                       reset_vec    0000
__Hsfr0                            sfr0         0000
__Hsfr1                            sfr1         0000
__Hsfr2                            sfr2         0000
__Hsfr3                            sfr3         0000
__Hspace_0                         (abs)        0800
__Hspace_1                         (abs)        007E
__Hspace_2                         (abs)        0000
__Hspace_3                         (abs)        0000
__Hspace_4                         (abs)        4010
__Hstack                           stack        0000
__Hstrings                         strings      0000
__Htext                            text         0000
__Labs1                            abs1         0000
__Lbank0                           bank0        0000
__Lbank1                           bank1        0000
__Lbank2                           bank2        0000
__Lbank3                           bank3        0000
__LbssBANK0                        bssBANK0     0000
__Lcinit                           cinit        07F1
__Lclrtext                         clrtext      0000
__Lcode                            code         0000
__Lcommon                          common       0000
__Lconfig                          config       0000
__LcstackBANK0                     cstackBANK0  0000
__LcstackCOMMON                    cstackCOMMON 0000
__Leeprom_data                     eeprom_data  0000
__Lend_init                        end_init     0000
__Lfunctab                         functab      0000
__Linit                            init         0000
__Lintentry                        intentry     0000
__Lmaintext                        maintext     0000
__Lpowerup                         powerup      0000
__Lram                             ram          0000
__Lreset_vec                       reset_vec    0000
__Lsfr0                            sfr0         0000
__Lsfr1                            sfr1         0000
__Lsfr2                            sfr2         0000
__Lsfr3                            sfr3         0000
__Lspace_0                         (abs)        0000
__Lspace_1                         (abs)        0000
__Lspace_2                         (abs)        0000
__Lspace_3                         (abs)        0000
__Lspace_4                         (abs)        0000
__Lstack                           stack        0000
__Lstrings                         strings      0000
__Ltext                            text         0000
__S0                               (abs)        0800
__S1                               (abs)        007E
__S2                               (abs)        0000
__S3                               (abs)        0000
___int_sp                          stack        0000
___latbits                         (abs)        0002
___lldiv                           text5        06A6
___lldiv@counter                   cstackCOMMON 007D
___lldiv@dividend                  cstackCOMMON 0074
___lldiv@divisor                   cstackCOMMON 0070
___lldiv@quotient                  cstackCOMMON 0079
___sp                              stack        0000
___stackhi                         (abs)        0000
___stacklo                         (abs)        0000
__end_of_Decena                    text17       056F
__end_of_EUSART_conf               text6        0598
__end_of_Get_time                  text10       077A
__end_of_I2C_Master_Init           text4        06A6
__end_of_I2C_Master_Read           text15       0638
__end_of_I2C_Master_RepeatedStart  text14       053D
__end_of_I2C_Master_Start          text13       0546
__end_of_I2C_Master_Stop           text12       054F
__end_of_I2C_Master_Wait           text16       057C
__end_of_I2C_Master_Write          text11       0559
__end_of_RTC_conf                  text3        05DD
__end_of_SendChar                  text9        0563
__end_of_SendString                text8        05B7
__end_of_SetClock                  text2        066E
__end_of_Unidad                    text7        0534
__end_of___lldiv                   text5        070C
__end_of__initialization           cinit        07FC
__end_of__stringtab                strings      0009
__end_of_main                      maintext     07F1
__end_of_setup                     text1        060A
__initialization                   cinit        07F1
__pbssBANK0                        bssBANK0     0020
__pcstackBANK0                     cstackBANK0  0029
__pcstackCOMMON                    cstackCOMMON 0070
__pmaintext                        maintext     077A
__pstrings                         strings      0003
__ptext1                           text1        05DD
__ptext10                          text10       070C
__ptext11                          text11       054F
__ptext12                          text12       0546
__ptext13                          text13       053D
__ptext14                          text14       0534
__ptext15                          text15       060A
__ptext16                          text16       056F
__ptext17                          text17       0563
__ptext2                           text2        0638
__ptext3                           text3        05B7
__ptext4                           text4        066E
__ptext5                           text5        06A6
__ptext6                           text6        057C
__ptext7                           text7        052F
__ptext8                           text8        0598
__ptext9                           text9        0559
__size_of_Decena                   (abs)        0000
__size_of_EUSART_conf              (abs)        0000
__size_of_Get_time                 (abs)        0000
__size_of_I2C_Master_Init          (abs)        0000
__size_of_I2C_Master_Read          (abs)        0000
__size_of_I2C_Master_RepeatedStart (abs)        0000
__size_of_I2C_Master_Start         (abs)        0000
__size_of_I2C_Master_Stop          (abs)        0000
__size_of_I2C_Master_Wait          (abs)        0000
__size_of_I2C_Master_Write         (abs)        0000
__size_of_RTC_conf                 (abs)        0000
__size_of_SendChar                 (abs)        0000
__size_of_SendString               (abs)        0000
__size_of_SetClock                 (abs)        0000
__size_of_Unidad                   (abs)        0000
__size_of___lldiv                  (abs)        0000
__size_of_main                     (abs)        0000
__size_of_setup                    (abs)        0000
__stringbase                       strings      0008
__stringtab                        strings      0003
_h                                 bssBANK0     0027
_m                                 bssBANK0     0026
_main                              maintext     077A
_s                                 bssBANK0     0028
_setup                             text1        05DD
btemp                              (abs)        007E
end_of_initialization              cinit        07FC
intlevel0                          functab      0000
intlevel1                          functab      0000
intlevel2                          functab      0000
intlevel3                          functab      0000
intlevel4                          functab      0000
intlevel5                          functab      0000
reset_vec                          reset_vec    0000
start                              init         0000
start_initialization               cinit        07F1
wtemp0                             (abs)        007E


FUNCTION INFORMATION:

 *************** function _main *****************
 Defined at:
		line 55 in file "I2C_Adafruit.c"
 Parameters:    Size  Location     Type
		None
 Auto vars:     Size  Location     Type
		None
 Return value:  Size  Location     Type
                  1    wreg      void 
 Registers used:
		wreg, fsr0l, fsr0h, status,2, status,0, pclath, cstack
 Tracked objects:
		On entry : 
		On exit  : 
		Unchanged: 
 Data sizes:     COMMON   BANK0   BANK1   BANK3   BANK2
      Params:         0       0       0       0       0
      Locals:         0       0       0       0       0
      Temps:          0       0       0       0       0
      Totals:         0       0       0       0       0
Total ram usage:        0 bytes
 Hardware stack levels required when called:    4
 This function calls:
		_Decena
		_Get_time
		_SendChar
		_SendString
		_Unidad
		_setup
 This function is called by:
		Startup code after reset
 This function uses a non-reentrant model


 *************** function _setup *****************
 Defined at:
		line 78 in file "I2C_Adafruit.c"
 Parameters:    Size  Location     Type
		None
 Auto vars:     Size  Location     Type
		None
 Return value:  Size  Location     Type
                  1    wreg      void 
 Registers used:
		wreg, status,2, status,0, pclath, cstack
 Tracked objects:
		On entry : 
		On exit  : 
		Unchanged: 
 Data sizes:     COMMON   BANK0   BANK1   BANK3   BANK2
      Params:         0       0       0       0       0
      Locals:         0       0       0       0       0
      Temps:          0       0       0       0       0
      Totals:         0       0       0       0       0
Total ram usage:        0 bytes
 Hardware stack levels used:    1
 Hardware stack levels required when called:    3
 This function calls:
		_EUSART_conf
		_I2C_Master_Init
		_RTC_conf
		_SetClock
 This function is called by:
		_main
 This function uses a non-reentrant model


 *************** function _SetClock *****************
 Defined at:
		line 141 in file "I2C_Adafruit.c"
 Parameters:    Size  Location     Type
		None
 Auto vars:     Size  Location     Type
		None
 Return value:  Size  Location     Type
                  1    wreg      void 
 Registers used:
		wreg, status,2, status,0, pclath, cstack
 Tracked objects:
		On entry : 
		On exit  : 
		Unchanged: 
 Data sizes:     COMMON   BANK0   BANK1   BANK3   BANK2
      Params:         0       0       0       0       0
      Locals:         0       0       0       0       0
      Temps:          0       0       0       0       0
      Totals:         0       0       0       0       0
Total ram usage:        0 bytes
 Hardware stack levels used:    1
 Hardware stack levels required when called:    2
 This function calls:
		_I2C_Master_Start
		_I2C_Master_Stop
		_I2C_Master_Write
 This function is called by:
		_setup
 This function uses a non-reentrant model


 *************** function _RTC_conf *****************
 Defined at:
		line 102 in file "I2C_Adafruit.c"
 Parameters:    Size  Location     Type
		None
 Auto vars:     Size  Location     Type
		None
 Return value:  Size  Location     Type
                  1    wreg      void 
 Registers used:
		wreg, status,2, status,0, pclath, cstack
 Tracked objects:
		On entry : 
		On exit  : 
		Unchanged: 
 Data sizes:     COMMON   BANK0   BANK1   BANK3   BANK2
      Params:         0       0       0       0       0
      Locals:         0       0       0       0       0
      Temps:          0       0       0       0       0
      Totals:         0       0       0       0       0
Total ram usage:        0 bytes
 Hardware stack levels used:    1
 Hardware stack levels required when called:    2
 This function calls:
		_I2C_Master_Start
		_I2C_Master_Stop
		_I2C_Master_Write
 This function is called by:
		_setup
 This function uses a non-reentrant model


 *************** function _I2C_Master_Init *****************
 Defined at:
		line 16 in file "I2C.c"
 Parameters:    Size  Location     Type
  c               4    0[BANK0 ] const unsigned long 
 Auto vars:     Size  Location     Type
		None
 Return value:  Size  Location     Type
                  1    wreg      void 
 Registers used:
		wreg, status,2, status,0, pclath, cstack
 Tracked objects:
		On entry : 
		On exit  : 
		Unchanged: 
 Data sizes:     COMMON   BANK0   BANK1   BANK3   BANK2
      Params:         0       4       0       0       0
      Locals:         0       0       0       0       0
      Temps:          0       4       0       0       0
      Totals:         0       8       0       0       0
Total ram usage:        8 bytes
 Hardware stack levels used:    1
 Hardware stack levels required when called:    1
 This function calls:
		___lldiv
 This function is called by:
		_setup
 This function uses a non-reentrant model


 *************** function ___lldiv *****************
 Defined at:
		line 5 in file "C:\Program Files\Microchip\xc8\v2.31\pic\sources\c90\common\__lldiv.c"
 Parameters:    Size  Location     Type
  divisor         4    0[COMMON] unsigned long 
  dividend        4    4[COMMON] unsigned long 
 Auto vars:     Size  Location     Type
  quotient        4    9[COMMON] unsigned long 
  counter         1   13[COMMON] unsigned char 
 Return value:  Size  Location     Type
                  4    0[COMMON] unsigned long 
 Registers used:
		wreg, status,2, status,0
 Tracked objects:
		On entry : 
		On exit  : 
		Unchanged: 
 Data sizes:     COMMON   BANK0   BANK1   BANK3   BANK2
      Params:         8       0       0       0       0
      Locals:         5       0       0       0       0
      Temps:          1       0       0       0       0
      Totals:        14       0       0       0       0
Total ram usage:       14 bytes
 Hardware stack levels used:    1
 This function calls:
		Nothing
 This function is called by:
		_I2C_Master_Init
 This function uses a non-reentrant model


 *************** function _EUSART_conf *****************
 Defined at:
		line 3 in file "EUSART.c"
 Parameters:    Size  Location     Type
		None
 Auto vars:     Size  Location     Type
		None
 Return value:  Size  Location     Type
                  1    wreg      void 
 Registers used:
		wreg, status,2
 Tracked objects:
		On entry : 
		On exit  : 
		Unchanged: 
 Data sizes:     COMMON   BANK0   BANK1   BANK3   BANK2
      Params:         0       0       0       0       0
      Locals:         0       0       0       0       0
      Temps:          0       0       0       0       0
      Totals:         0       0       0       0       0
Total ram usage:        0 bytes
 Hardware stack levels used:    1
 This function calls:
		Nothing
 This function is called by:
		_setup
 This function uses a non-reentrant model


 *************** function _Unidad *****************
 Defined at:
		line 137 in file "I2C_Adafruit.c"
 Parameters:    Size  Location     Type
  valor           1    wreg     unsigned char 
 Auto vars:     Size  Location     Type
  valor           1    0[COMMON] unsigned char 
 Return value:  Size  Location     Type
                  1    wreg      unsigned char 
 Registers used:
		wreg, status,2, status,0
 Tracked objects:
		On entry : 
		On exit  : 
		Unchanged: 
 Data sizes:     COMMON   BANK0   BANK1   BANK3   BANK2
      Params:         0       0       0       0       0
      Locals:         1       0       0       0       0
      Temps:          0       0       0       0       0
      Totals:         1       0       0       0       0
Total ram usage:        1 bytes
 Hardware stack levels used:    1
 This function calls:
		Nothing
 This function is called by:
		_main
 This function uses a non-reentrant model


 *************** function _SendString *****************
 Defined at:
		line 23 in file "EUSART.c"
 Parameters:    Size  Location     Type
  X               1    wreg     PTR unsigned char 
		 -> STR_3(2), STR_2(2), STR_1(7), 
 Auto vars:     Size  Location     Type
  X               1    2[COMMON] PTR unsigned char 
		 -> STR_3(2), STR_2(2), STR_1(7), 
 Return value:  Size  Location     Type
                  1    wreg      void 
 Registers used:
		wreg, fsr0l, fsr0h, status,2, status,0, pclath, cstack
 Tracked objects:
		On entry : 
		On exit  : 
		Unchanged: 
 Data sizes:     COMMON   BANK0   BANK1   BANK3   BANK2
      Params:         0       0       0       0       0
      Locals:         1       0       0       0       0
      Temps:          1       0       0       0       0
      Totals:         2       0       0       0       0
Total ram usage:        2 bytes
 Hardware stack levels used:    1
 Hardware stack levels required when called:    1
 This function calls:
		_SendChar
 This function is called by:
		_main
 This function uses a non-reentrant model


 *************** function _SendChar *****************
 Defined at:
		line 18 in file "EUSART.c"
 Parameters:    Size  Location     Type
  X               1    wreg     unsigned char 
 Auto vars:     Size  Location     Type
  X               1    0[COMMON] unsigned char 
 Return value:  Size  Location     Type
                  1    wreg      void 
 Registers used:
		wreg
 Tracked objects:
		On entry : 
		On exit  : 
		Unchanged: 
 Data sizes:     COMMON   BANK0   BANK1   BANK3   BANK2
      Params:         0       0       0       0       0
      Locals:         1       0       0       0       0
      Temps:          0       0       0       0       0
      Totals:         1       0       0       0       0
Total ram usage:        1 bytes
 Hardware stack levels used:    1
 This function calls:
		Nothing
 This function is called by:
		_main
		_SendString
 This function uses a non-reentrant model


 *************** function _Get_time *****************
 Defined at:
		line 111 in file "I2C_Adafruit.c"
 Parameters:    Size  Location     Type
		None
 Auto vars:     Size  Location     Type
		None
 Return value:  Size  Location     Type
                  1    wreg      void 
 Registers used:
		wreg, status,2, status,0, pclath, cstack
 Tracked objects:
		On entry : 
		On exit  : 
		Unchanged: 
 Data sizes:     COMMON   BANK0   BANK1   BANK3   BANK2
      Params:         0       0       0       0       0
      Locals:         0       0       0       0       0
      Temps:          3       0       0       0       0
      Totals:         3       0       0       0       0
Total ram usage:        3 bytes
 Hardware stack levels used:    1
 Hardware stack levels required when called:    2
 This function calls:
		_I2C_Master_Read
		_I2C_Master_RepeatedStart
		_I2C_Master_Start
		_I2C_Master_Stop
		_I2C_Master_Write
 This function is called by:
		_main
 This function uses a non-reentrant model


 *************** function _I2C_Master_Write *****************
 Defined at:
		line 65 in file "I2C.c"
 Parameters:    Size  Location     Type
  d               2    0[COMMON] unsigned int 
 Auto vars:     Size  Location     Type
		None
 Return value:  Size  Location     Type
                  1    wreg      void 
 Registers used:
		wreg, status,2, status,0, pclath, cstack
 Tracked objects:
		On entry : 
		On exit  : 
		Unchanged: 
 Data sizes:     COMMON   BANK0   BANK1   BANK3   BANK2
      Params:         2       0       0       0       0
      Locals:         0       0       0       0       0
      Temps:          0       0       0       0       0
      Totals:         2       0       0       0       0
Total ram usage:        2 bytes
 Hardware stack levels used:    1
 Hardware stack levels required when called:    1
 This function calls:
		_I2C_Master_Wait
 This function is called by:
		_RTC_conf
		_Get_time
		_SetClock
 This function uses a non-reentrant model


 *************** function _I2C_Master_Stop *****************
 Defined at:
		line 55 in file "I2C.c"
 Parameters:    Size  Location     Type
		None
 Auto vars:     Size  Location     Type
		None
 Return value:  Size  Location     Type
                  1    wreg      void 
 Registers used:
		wreg, status,2, status,0, pclath, cstack
 Tracked objects:
		On entry : 
		On exit  : 
		Unchanged: 
 Data sizes:     COMMON   BANK0   BANK1   BANK3   BANK2
      Params:         0       0       0       0       0
      Locals:         0       0       0       0       0
      Temps:          0       0       0       0       0
      Totals:         0       0       0       0       0
Total ram usage:        0 bytes
 Hardware stack levels used:    1
 Hardware stack levels required when called:    1
 This function calls:
		_I2C_Master_Wait
 This function is called by:
		_RTC_conf
		_Get_time
		_SetClock
 This function uses a non-reentrant model


 *************** function _I2C_Master_Start *****************
 Defined at:
		line 39 in file "I2C.c"
 Parameters:    Size  Location     Type
		None
 Auto vars:     Size  Location     Type
		None
 Return value:  Size  Location     Type
                  1    wreg      void 
 Registers used:
		wreg, status,2, status,0, pclath, cstack
 Tracked objects:
		On entry : 
		On exit  : 
		Unchanged: 
 Data sizes:     COMMON   BANK0   BANK1   BANK3   BANK2
      Params:         0       0       0       0       0
      Locals:         0       0       0       0       0
      Temps:          0       0       0       0       0
      Totals:         0       0       0       0       0
Total ram usage:        0 bytes
 Hardware stack levels used:    1
 Hardware stack levels required when called:    1
 This function calls:
		_I2C_Master_Wait
 This function is called by:
		_RTC_conf
		_Get_time
		_SetClock
 This function uses a non-reentrant model


 *************** function _I2C_Master_RepeatedStart *****************
 Defined at:
		line 47 in file "I2C.c"
 Parameters:    Size  Location     Type
		None
 Auto vars:     Size  Location     Type
		None
 Return value:  Size  Location     Type
                  1    wreg      void 
 Registers used:
		wreg, status,2, status,0, pclath, cstack
 Tracked objects:
		On entry : 
		On exit  : 
		Unchanged: 
 Data sizes:     COMMON   BANK0   BANK1   BANK3   BANK2
      Params:         0       0       0       0       0
      Locals:         0       0       0       0       0
      Temps:          0       0       0       0       0
      Totals:         0       0       0       0       0
Total ram usage:        0 bytes
 Hardware stack levels used:    1
 Hardware stack levels required when called:    1
 This function calls:
		_I2C_Master_Wait
 This function is called by:
		_Get_time
 This function uses a non-reentrant model


 *************** function _I2C_Master_Read *****************
 Defined at:
		line 74 in file "I2C.c"
 Parameters:    Size  Location     Type
  a               2    0[COMMON] unsigned short 
 Auto vars:     Size  Location     Type
  temp            2    4[COMMON] unsigned short 
 Return value:  Size  Location     Type
                  2    0[COMMON] unsigned short 
 Registers used:
		wreg, status,2, status,0, pclath, cstack
 Tracked objects:
		On entry : 
		On exit  : 
		Unchanged: 
 Data sizes:     COMMON   BANK0   BANK1   BANK3   BANK2
      Params:         2       0       0       0       0
      Locals:         2       0       0       0       0
      Temps:          2       0       0       0       0
      Totals:         6       0       0       0       0
Total ram usage:        6 bytes
 Hardware stack levels used:    1
 Hardware stack levels required when called:    1
 This function calls:
		_I2C_Master_Wait
 This function is called by:
		_Get_time
 This function uses a non-reentrant model


 *************** function _I2C_Master_Wait *****************
 Defined at:
		line 32 in file "I2C.c"
 Parameters:    Size  Location     Type
		None
 Auto vars:     Size  Location     Type
		None
 Return value:  Size  Location     Type
                  1    wreg      void 
 Registers used:
		wreg, status,2
 Tracked objects:
		On entry : 
		On exit  : 
		Unchanged: 
 Data sizes:     COMMON   BANK0   BANK1   BANK3   BANK2
      Params:         0       0       0       0       0
      Locals:         0       0       0       0       0
      Temps:          0       0       0       0       0
      Totals:         0       0       0       0       0
Total ram usage:        0 bytes
 Hardware stack levels used:    1
 This function calls:
		Nothing
 This function is called by:
		_I2C_Master_Start
		_I2C_Master_RepeatedStart
		_I2C_Master_Stop
		_I2C_Master_Write
		_I2C_Master_Read
 This function uses a non-reentrant model


 *************** function _Decena *****************
 Defined at:
		line 133 in file "I2C_Adafruit.c"
 Parameters:    Size  Location     Type
  valor           1    wreg     unsigned char 
 Auto vars:     Size  Location     Type
  valor           1    1[COMMON] unsigned char 
 Return value:  Size  Location     Type
                  1    wreg      unsigned char 
 Registers used:
		wreg, status,2, status,0
 Tracked objects:
		On entry : 
		On exit  : 
		Unchanged: 
 Data sizes:     COMMON   BANK0   BANK1   BANK3   BANK2
      Params:         0       0       0       0       0
      Locals:         1       0       0       0       0
      Temps:          1       0       0       0       0
      Totals:         2       0       0       0       0
Total ram usage:        2 bytes
 Hardware stack levels used:    1
 This function calls:
		Nothing
 This function is called by:
		_main
 This function uses a non-reentrant model



MODULE INFORMATION

Module		Function		Class		Link	Load	Size
I2C_Adafruit.c
		_Decena        		CODE           	0563	0000	12
		_Get_time      		CODE           	070C	0000	110
		_main          		CODE           	077A	0000	119
		_Unidad        		CODE           	052F	0000	5
		_RTC_conf      		CODE           	05B7	0000	38
		_SetClock      		CODE           	0638	0000	54
		_setup         		CODE           	05DD	0000	45

I2C_Adafruit.c estimated size: 383

C:\Program Files\Microchip\xc8\v2.31\pic\sources\c90\common\__lldiv.c
		___lldiv       		CODE           	06A6	0000	102

C:\Program Files\Microchip\xc8\v2.31\pic\sources\c90\common\__lldiv.c estimated size: 102

EUSART.c
		_SendString    		CODE           	0598	0000	31
		_EUSART_conf   		CODE           	057C	0000	28
		_SendChar      		CODE           	0559	0000	10

EUSART.c estimated size: 69

I2C.c
		_I2C_Master_Read		CODE           	060A	0000	46
		_I2C_Master_Wait		CODE           	056F	0000	13
		_I2C_Master_Init		CODE           	066E	0000	56
		_I2C_Master_Stop		CODE           	0546	0000	9
		_I2C_Master_RepeatedStart		CODE           	0534	0000	9
		_I2C_Master_Write		CODE           	054F	0000	10
		_I2C_Master_Start		CODE           	053D	0000	9

I2C.c estimated size: 152

shared
		__stringtab    		STRING         	0003	0000	6
		__initialization		CODE           	07F1	0000	11

shared estimated size: 17

